Analysis & Synthesis report for ULA
Wed Aug 30 02:31:54 2023
Quartus Prime Version 20.1.0 Build 711 06/05/2020 SJ Lite Edition


---------------------
; Table of Contents ;
---------------------
  1. Legal Notice
  2. Analysis & Synthesis Summary
  3. Analysis & Synthesis Settings
  4. Parallel Compilation
  5. Analysis & Synthesis Source Files Read
  6. Analysis & Synthesis Resource Usage Summary
  7. Analysis & Synthesis Resource Utilization by Entity
  8. General Register Statistics
  9. Multiplexer Restructuring Statistics (Restructuring Performed)
 10. Parameter Settings for User Entity Instance: 74151:inst37
 11. Parameter Settings for User Entity Instance: 74151:inst36
 12. Parameter Settings for User Entity Instance: 74151:inst2
 13. Parameter Settings for User Entity Instance: 74151:inst13
 14. Parameter Settings for User Entity Instance: 74151:inst12
 15. Parameter Settings for User Entity Instance: 74151:inst10
 16. Parameter Settings for User Entity Instance: 74151:inst11
 17. Post-Synthesis Netlist Statistics for Top Partition
 18. Elapsed Time Per Partition
 19. Analysis & Synthesis Messages



----------------
; Legal Notice ;
----------------
Copyright (C) 2020  Intel Corporation. All rights reserved.
Your use of Intel Corporation's design tools, logic functions 
and other software and tools, and any partner logic 
functions, and any output files from any of the foregoing 
(including device programming or simulation files), and any 
associated documentation or information are expressly subject 
to the terms and conditions of the Intel Program License 
Subscription Agreement, the Intel Quartus Prime License Agreement,
the Intel FPGA IP License Agreement, or other applicable license
agreement, including, without limitation, that your use is for
the sole purpose of programming logic devices manufactured by
Intel and sold by Intel or its authorized distributors.  Please
refer to the applicable agreement for further details, at
https://fpgasoftware.intel.com/eula.



+-------------------------------------------------------------------------------+
; Analysis & Synthesis Summary                                                  ;
+---------------------------------+---------------------------------------------+
; Analysis & Synthesis Status     ; Successful - Wed Aug 30 02:31:54 2023       ;
; Quartus Prime Version           ; 20.1.0 Build 711 06/05/2020 SJ Lite Edition ;
; Revision Name                   ; ULA                                         ;
; Top-level Entity Name           ; ULA                                         ;
; Family                          ; Cyclone V                                   ;
; Logic utilization (in ALMs)     ; N/A                                         ;
; Total registers                 ; 0                                           ;
; Total pins                      ; 30                                          ;
; Total virtual pins              ; 0                                           ;
; Total block memory bits         ; 0                                           ;
; Total DSP Blocks                ; 0                                           ;
; Total HSSI RX PCSs              ; 0                                           ;
; Total HSSI PMA RX Deserializers ; 0                                           ;
; Total HSSI TX PCSs              ; 0                                           ;
; Total HSSI PMA TX Serializers   ; 0                                           ;
; Total PLLs                      ; 0                                           ;
; Total DLLs                      ; 0                                           ;
+---------------------------------+---------------------------------------------+


+---------------------------------------------------------------------------------------------------------------------------+
; Analysis & Synthesis Settings                                                                                             ;
+---------------------------------------------------------------------------------+--------------------+--------------------+
; Option                                                                          ; Setting            ; Default Value      ;
+---------------------------------------------------------------------------------+--------------------+--------------------+
; Device                                                                          ; 5CGXFC7C7F23C8     ;                    ;
; Top-level entity name                                                           ; ULA                ; ULA                ;
; Family name                                                                     ; Cyclone V          ; Cyclone V          ;
; Use smart compilation                                                           ; Off                ; Off                ;
; Enable parallel Assembler and Timing Analyzer during compilation                ; On                 ; On                 ;
; Enable compact report table                                                     ; Off                ; Off                ;
; Restructure Multiplexers                                                        ; Auto               ; Auto               ;
; MLAB Add Timing Constraints For Mixed-Port Feed-Through Mode Setting Don't Care ; Off                ; Off                ;
; Create Debugging Nodes for IP Cores                                             ; Off                ; Off                ;
; Preserve fewer node names                                                       ; On                 ; On                 ;
; Intel FPGA IP Evaluation Mode                                                   ; Enable             ; Enable             ;
; Verilog Version                                                                 ; Verilog_2001       ; Verilog_2001       ;
; VHDL Version                                                                    ; VHDL_1993          ; VHDL_1993          ;
; State Machine Processing                                                        ; Auto               ; Auto               ;
; Safe State Machine                                                              ; Off                ; Off                ;
; Extract Verilog State Machines                                                  ; On                 ; On                 ;
; Extract VHDL State Machines                                                     ; On                 ; On                 ;
; Ignore Verilog initial constructs                                               ; Off                ; Off                ;
; Iteration limit for constant Verilog loops                                      ; 5000               ; 5000               ;
; Iteration limit for non-constant Verilog loops                                  ; 250                ; 250                ;
; Add Pass-Through Logic to Inferred RAMs                                         ; On                 ; On                 ;
; Infer RAMs from Raw Logic                                                       ; On                 ; On                 ;
; Parallel Synthesis                                                              ; On                 ; On                 ;
; DSP Block Balancing                                                             ; Auto               ; Auto               ;
; NOT Gate Push-Back                                                              ; On                 ; On                 ;
; Power-Up Don't Care                                                             ; On                 ; On                 ;
; Remove Redundant Logic Cells                                                    ; Off                ; Off                ;
; Remove Duplicate Registers                                                      ; On                 ; On                 ;
; Ignore CARRY Buffers                                                            ; Off                ; Off                ;
; Ignore CASCADE Buffers                                                          ; Off                ; Off                ;
; Ignore GLOBAL Buffers                                                           ; Off                ; Off                ;
; Ignore ROW GLOBAL Buffers                                                       ; Off                ; Off                ;
; Ignore LCELL Buffers                                                            ; Off                ; Off                ;
; Ignore SOFT Buffers                                                             ; On                 ; On                 ;
; Limit AHDL Integers to 32 Bits                                                  ; Off                ; Off                ;
; Optimization Technique                                                          ; Balanced           ; Balanced           ;
; Carry Chain Length                                                              ; 70                 ; 70                 ;
; Auto Carry Chains                                                               ; On                 ; On                 ;
; Auto Open-Drain Pins                                                            ; On                 ; On                 ;
; Perform WYSIWYG Primitive Resynthesis                                           ; Off                ; Off                ;
; Auto ROM Replacement                                                            ; On                 ; On                 ;
; Auto RAM Replacement                                                            ; On                 ; On                 ;
; Auto DSP Block Replacement                                                      ; On                 ; On                 ;
; Auto Shift Register Replacement                                                 ; Auto               ; Auto               ;
; Allow Shift Register Merging across Hierarchies                                 ; Auto               ; Auto               ;
; Auto Clock Enable Replacement                                                   ; On                 ; On                 ;
; Strict RAM Replacement                                                          ; Off                ; Off                ;
; Allow Synchronous Control Signals                                               ; On                 ; On                 ;
; Force Use of Synchronous Clear Signals                                          ; Off                ; Off                ;
; Auto Resource Sharing                                                           ; Off                ; Off                ;
; Allow Any RAM Size For Recognition                                              ; Off                ; Off                ;
; Allow Any ROM Size For Recognition                                              ; Off                ; Off                ;
; Allow Any Shift Register Size For Recognition                                   ; Off                ; Off                ;
; Use LogicLock Constraints during Resource Balancing                             ; On                 ; On                 ;
; Ignore translate_off and synthesis_off directives                               ; Off                ; Off                ;
; Timing-Driven Synthesis                                                         ; On                 ; On                 ;
; Report Parameter Settings                                                       ; On                 ; On                 ;
; Report Source Assignments                                                       ; On                 ; On                 ;
; Report Connectivity Checks                                                      ; On                 ; On                 ;
; Ignore Maximum Fan-Out Assignments                                              ; Off                ; Off                ;
; Synchronization Register Chain Length                                           ; 3                  ; 3                  ;
; Power Optimization During Synthesis                                             ; Normal compilation ; Normal compilation ;
; HDL message level                                                               ; Level2             ; Level2             ;
; Suppress Register Optimization Related Messages                                 ; Off                ; Off                ;
; Number of Removed Registers Reported in Synthesis Report                        ; 5000               ; 5000               ;
; Number of Swept Nodes Reported in Synthesis Report                              ; 5000               ; 5000               ;
; Number of Inverted Registers Reported in Synthesis Report                       ; 100                ; 100                ;
; Clock MUX Protection                                                            ; On                 ; On                 ;
; Auto Gated Clock Conversion                                                     ; Off                ; Off                ;
; Block Design Naming                                                             ; Auto               ; Auto               ;
; SDC constraint protection                                                       ; Off                ; Off                ;
; Synthesis Effort                                                                ; Auto               ; Auto               ;
; Shift Register Replacement - Allow Asynchronous Clear Signal                    ; On                 ; On                 ;
; Pre-Mapping Resynthesis Optimization                                            ; Off                ; Off                ;
; Analysis & Synthesis Message Level                                              ; Medium             ; Medium             ;
; Disable Register Merging Across Hierarchies                                     ; Auto               ; Auto               ;
; Resource Aware Inference For Block RAM                                          ; On                 ; On                 ;
; Automatic Parallel Synthesis                                                    ; On                 ; On                 ;
; Partial Reconfiguration Bitstream ID                                            ; Off                ; Off                ;
+---------------------------------------------------------------------------------+--------------------+--------------------+


+------------------------------------------+
; Parallel Compilation                     ;
+----------------------------+-------------+
; Processors                 ; Number      ;
+----------------------------+-------------+
; Number detected on machine ; 4           ;
; Maximum allowed            ; 4           ;
;                            ;             ;
; Average used               ; 1.00        ;
; Maximum used               ; 1           ;
;                            ;             ;
; Usage by Processor         ; % Time Used ;
;     Processor 1            ; 100.0%      ;
+----------------------------+-------------+


+-------------------------------------------------------------------------------------------------------------------------------------------------------------------------------+
; Analysis & Synthesis Source Files Read                                                                                                                                        ;
+----------------------------------+-----------------+------------------------------------------+---------------------------------------------------------------------+---------+
; File Name with User-Entered Path ; Used in Netlist ; File Type                                ; File Name with Absolute Path                                        ; Library ;
+----------------------------------+-----------------+------------------------------------------+---------------------------------------------------------------------+---------+
; ULA.bdf                          ; yes             ; User Block Diagram/Schematic File        ; Z:/home/saulolv/ULA/ULA/ULA.bdf                                     ;         ;
; Adder.bdf                        ; yes             ; User Block Diagram/Schematic File        ; Z:/home/saulolv/ULA/ULA/Adder.bdf                                   ;         ;
; GT.bdf                           ; yes             ; User Block Diagram/Schematic File        ; Z:/home/saulolv/ULA/ULA/GT.bdf                                      ;         ;
; Comparator_1bit.bdf              ; yes             ; User Block Diagram/Schematic File        ; Z:/home/saulolv/ULA/ULA/Comparator_1bit.bdf                         ;         ;
; Mod_A.bdf                        ; yes             ; User Block Diagram/Schematic File        ; Z:/home/saulolv/ULA/ULA/Mod_A.bdf                                   ;         ;
; Max_AB.bdf                       ; yes             ; User Block Diagram/Schematic File        ; Z:/home/saulolv/ULA/ULA/Max_AB.bdf                                  ;         ;
; Adder_1bit.bdf                   ; yes             ; User Block Diagram/Schematic File        ; Z:/home/saulolv/ULA/ULA/Adder_1bit.bdf                              ;         ;
; Multiplexador_2x1.bdf            ; yes             ; User Block Diagram/Schematic File        ; Z:/home/saulolv/ULA/ULA/Multiplexador_2x1.bdf                       ;         ;
; Min_AB.bdf                       ; yes             ; User Block Diagram/Schematic File        ; Z:/home/saulolv/ULA/ULA/Min_AB.bdf                                  ;         ;
; Overflow.bdf                     ; yes             ; User Block Diagram/Schematic File        ; Z:/home/saulolv/ULA/ULA/Overflow.bdf                                ;         ;
; Inverter.bdf                     ; yes             ; User Block Diagram/Schematic File        ; Z:/home/saulolv/ULA/ULA/Inverter.bdf                                ;         ;
; ShL2.bdf                         ; yes             ; User Block Diagram/Schematic File        ; Z:/home/saulolv/ULA/ULA/ShL2.bdf                                    ;         ;
; 74151.tdf                        ; yes             ; Megafunction                             ; c:/intelfpga_lite/20.1/quartus/libraries/others/maxplus2/74151.tdf  ;         ;
; aglobal.inc                      ; yes             ; Megafunction                             ; c:/intelfpga_lite/20.1/quartus/libraries/megafunctions/aglobal.inc  ;         ;
; f74151.bdf                       ; yes             ; Megafunction                             ; c:/intelfpga_lite/20.1/quartus/libraries/others/maxplus2/f74151.bdf ;         ;
; subadder.bdf                     ; yes             ; Auto-Found Block Diagram/Schematic File  ; Z:/home/saulolv/ULA/ULA/subadder.bdf                                ;         ;
; busmux_2x1.bdf                   ; yes             ; Auto-Found Block Diagram/Schematic File  ; Z:/home/saulolv/ULA/ULA/busmux_2x1.bdf                              ;         ;
; display.bdf                      ; yes             ; Auto-Found Block Diagram/Schematic File  ; Z:/home/saulolv/ULA/ULA/display.bdf                                 ;         ;
; binary2bdc.bdf                   ; yes             ; Auto-Found Block Diagram/Schematic File  ; Z:/home/saulolv/ULA/ULA/binary2bdc.bdf                              ;         ;
+----------------------------------+-----------------+------------------------------------------+---------------------------------------------------------------------+---------+


+----------------------------------------------------------+
; Analysis & Synthesis Resource Usage Summary              ;
+---------------------------------------------+------------+
; Resource                                    ; Usage      ;
+---------------------------------------------+------------+
; Estimate of Logic utilization (ALMs needed) ; 24         ;
;                                             ;            ;
; Combinational ALUT usage for logic          ; 36         ;
;     -- 7 input functions                    ; 2          ;
;     -- 6 input functions                    ; 9          ;
;     -- 5 input functions                    ; 16         ;
;     -- 4 input functions                    ; 4          ;
;     -- <=3 input functions                  ; 5          ;
;                                             ;            ;
; Dedicated logic registers                   ; 0          ;
;                                             ;            ;
; I/O pins                                    ; 30         ;
;                                             ;            ;
; Total DSP Blocks                            ; 0          ;
;                                             ;            ;
; Maximum fan-out node                        ; S[0]~input ;
; Maximum fan-out                             ; 12         ;
; Total fan-out                               ; 216        ;
; Average fan-out                             ; 2.25       ;
+---------------------------------------------+------------+


+-----------------------------------------------------------------------------------------------------------------------------------------------------------------------------------------------------------------------------------------------+
; Analysis & Synthesis Resource Utilization by Entity                                                                                                                                                                                           ;
+------------------------------------+---------------------+---------------------------+-------------------+------------+------+--------------+--------------------------------------------------------------+-------------------+--------------+
; Compilation Hierarchy Node         ; Combinational ALUTs ; Dedicated Logic Registers ; Block Memory Bits ; DSP Blocks ; Pins ; Virtual Pins ; Full Hierarchy Name                                          ; Entity Name       ; Library Name ;
+------------------------------------+---------------------+---------------------------+-------------------+------------+------+--------------+--------------------------------------------------------------+-------------------+--------------+
; |ULA                               ; 36 (0)              ; 0 (0)                     ; 0                 ; 0          ; 30   ; 0            ; |ULA                                                         ; ULA               ; work         ;
;    |74151:inst10|                  ; 2 (0)               ; 0 (0)                     ; 0                 ; 0          ; 0    ; 0            ; |ULA|74151:inst10                                            ; 74151             ; work         ;
;       |f74151:sub|                 ; 2 (2)               ; 0 (0)                     ; 0                 ; 0          ; 0    ; 0            ; |ULA|74151:inst10|f74151:sub                                 ; f74151            ; work         ;
;    |74151:inst11|                  ; 2 (0)               ; 0 (0)                     ; 0                 ; 0          ; 0    ; 0            ; |ULA|74151:inst11                                            ; 74151             ; work         ;
;       |f74151:sub|                 ; 2 (2)               ; 0 (0)                     ; 0                 ; 0          ; 0    ; 0            ; |ULA|74151:inst11|f74151:sub                                 ; f74151            ; work         ;
;    |74151:inst12|                  ; 2 (0)               ; 0 (0)                     ; 0                 ; 0          ; 0    ; 0            ; |ULA|74151:inst12                                            ; 74151             ; work         ;
;       |f74151:sub|                 ; 2 (2)               ; 0 (0)                     ; 0                 ; 0          ; 0    ; 0            ; |ULA|74151:inst12|f74151:sub                                 ; f74151            ; work         ;
;    |74151:inst13|                  ; 1 (0)               ; 0 (0)                     ; 0                 ; 0          ; 0    ; 0            ; |ULA|74151:inst13                                            ; 74151             ; work         ;
;       |f74151:sub|                 ; 1 (1)               ; 0 (0)                     ; 0                 ; 0          ; 0    ; 0            ; |ULA|74151:inst13|f74151:sub                                 ; f74151            ; work         ;
;    |74151:inst2|                   ; 4 (0)               ; 0 (0)                     ; 0                 ; 0          ; 0    ; 0            ; |ULA|74151:inst2                                             ; 74151             ; work         ;
;       |f74151:sub|                 ; 4 (4)               ; 0 (0)                     ; 0                 ; 0          ; 0    ; 0            ; |ULA|74151:inst2|f74151:sub                                  ; f74151            ; work         ;
;    |74151:inst36|                  ; 5 (0)               ; 0 (0)                     ; 0                 ; 0          ; 0    ; 0            ; |ULA|74151:inst36                                            ; 74151             ; work         ;
;       |f74151:sub|                 ; 5 (5)               ; 0 (0)                     ; 0                 ; 0          ; 0    ; 0            ; |ULA|74151:inst36|f74151:sub                                 ; f74151            ; work         ;
;    |74151:inst37|                  ; 1 (0)               ; 0 (0)                     ; 0                 ; 0          ; 0    ; 0            ; |ULA|74151:inst37                                            ; 74151             ; work         ;
;       |f74151:sub|                 ; 1 (1)               ; 0 (0)                     ; 0                 ; 0          ; 0    ; 0            ; |ULA|74151:inst37|f74151:sub                                 ; f74151            ; work         ;
;    |Min_AB:inst3|                  ; 4 (0)               ; 0 (0)                     ; 0                 ; 0          ; 0    ; 0            ; |ULA|Min_AB:inst3                                            ; Min_AB            ; work         ;
;       |GT:inst1|                   ; 4 (4)               ; 0 (0)                     ; 0                 ; 0          ; 0    ; 0            ; |ULA|Min_AB:inst3|GT:inst1                                   ; GT                ; work         ;
;    |Mod_A:inst7|                   ; 1 (0)               ; 0 (0)                     ; 0                 ; 0          ; 0    ; 0            ; |ULA|Mod_A:inst7                                             ; Mod_A             ; work         ;
;       |Inverter:inst3|             ; 1 (0)               ; 0 (0)                     ; 0                 ; 0          ; 0    ; 0            ; |ULA|Mod_A:inst7|Inverter:inst3                              ; Inverter          ; work         ;
;          |Adder:inst5|             ; 1 (0)               ; 0 (0)                     ; 0                 ; 0          ; 0    ; 0            ; |ULA|Mod_A:inst7|Inverter:inst3|Adder:inst5                  ; Adder             ; work         ;
;             |Adder_1bit:inst2|     ; 1 (1)               ; 0 (0)                     ; 0                 ; 0          ; 0    ; 0            ; |ULA|Mod_A:inst7|Inverter:inst3|Adder:inst5|Adder_1bit:inst2 ; Adder_1bit        ; work         ;
;    |SubAdder:inst1|                ; 7 (0)               ; 0 (0)                     ; 0                 ; 0          ; 0    ; 0            ; |ULA|SubAdder:inst1                                          ; SubAdder          ; work         ;
;       |Adder:inst|                 ; 4 (0)               ; 0 (0)                     ; 0                 ; 0          ; 0    ; 0            ; |ULA|SubAdder:inst1|Adder:inst                               ; Adder             ; work         ;
;          |Adder_1bit:inst1|        ; 2 (2)               ; 0 (0)                     ; 0                 ; 0          ; 0    ; 0            ; |ULA|SubAdder:inst1|Adder:inst|Adder_1bit:inst1              ; Adder_1bit        ; work         ;
;          |Adder_1bit:inst3|        ; 2 (2)               ; 0 (0)                     ; 0                 ; 0          ; 0    ; 0            ; |ULA|SubAdder:inst1|Adder:inst|Adder_1bit:inst3              ; Adder_1bit        ; work         ;
;       |BusMux_2x1:inst3|           ; 3 (0)               ; 0 (0)                     ; 0                 ; 0          ; 0    ; 0            ; |ULA|SubAdder:inst1|BusMux_2x1:inst3                         ; BusMux_2x1        ; work         ;
;          |Multiplexador_2x1:inst1| ; 1 (1)               ; 0 (0)                     ; 0                 ; 0          ; 0    ; 0            ; |ULA|SubAdder:inst1|BusMux_2x1:inst3|Multiplexador_2x1:inst1 ; Multiplexador_2x1 ; work         ;
;          |Multiplexador_2x1:inst2| ; 1 (1)               ; 0 (0)                     ; 0                 ; 0          ; 0    ; 0            ; |ULA|SubAdder:inst1|BusMux_2x1:inst3|Multiplexador_2x1:inst2 ; Multiplexador_2x1 ; work         ;
;          |Multiplexador_2x1:inst|  ; 1 (1)               ; 0 (0)                     ; 0                 ; 0          ; 0    ; 0            ; |ULA|SubAdder:inst1|BusMux_2x1:inst3|Multiplexador_2x1:inst  ; Multiplexador_2x1 ; work         ;
;    |display:inst15|                ; 7 (7)               ; 0 (0)                     ; 0                 ; 0          ; 0    ; 0            ; |ULA|display:inst15                                          ; display           ; work         ;
+------------------------------------+---------------------+---------------------------+-------------------+------------+------+--------------+--------------------------------------------------------------+-------------------+--------------+
Note: For table entries with two numbers listed, the numbers in parentheses indicate the number of resources of the given type used by the specific entity alone. The numbers listed outside of parentheses indicate the total resources of the given type used by the specific entity and all of its sub-entities in the hierarchy.


+------------------------------------------------------+
; General Register Statistics                          ;
+----------------------------------------------+-------+
; Statistic                                    ; Value ;
+----------------------------------------------+-------+
; Total registers                              ; 0     ;
; Number of registers using Synchronous Clear  ; 0     ;
; Number of registers using Synchronous Load   ; 0     ;
; Number of registers using Asynchronous Clear ; 0     ;
; Number of registers using Asynchronous Load  ; 0     ;
; Number of registers using Clock Enable       ; 0     ;
; Number of registers using Preset             ; 0     ;
+----------------------------------------------+-------+


+----------------------------------------------------------------------------------------------------------------------------------------------+
; Multiplexer Restructuring Statistics (Restructuring Performed)                                                                               ;
+--------------------+-----------+---------------+----------------------+------------------------+------------+--------------------------------+
; Multiplexer Inputs ; Bus Width ; Baseline Area ; Area if Restructured ; Saving if Restructured ; Registered ; Example Multiplexer Output     ;
+--------------------+-----------+---------------+----------------------+------------------------+------------+--------------------------------+
; 6:1                ; 4 bits    ; 16 LEs        ; 8 LEs                ; 8 LEs                  ; No         ; |ULA|74151:inst2|f74151:sub|81 ;
+--------------------+-----------+---------------+----------------------+------------------------+------------+--------------------------------+


+-----------------------------------------------------------+
; Parameter Settings for User Entity Instance: 74151:inst37 ;
+------------------------+-----------+----------------------+
; Parameter Name         ; Value     ; Type                 ;
+------------------------+-----------+----------------------+
; DEVICE_FAMILY          ; Cyclone V ; Untyped              ;
; AUTO_CARRY_CHAINS      ; ON        ; AUTO_CARRY           ;
; IGNORE_CARRY_BUFFERS   ; OFF       ; IGNORE_CARRY         ;
; AUTO_CASCADE_CHAINS    ; ON        ; AUTO_CASCADE         ;
; IGNORE_CASCADE_BUFFERS ; OFF       ; IGNORE_CASCADE       ;
+------------------------+-----------+----------------------+
Note: In order to hide this table in the UI and the text report file, please set the "Show Parameter Settings in Synthesis Report" option in "Analysis and Synthesis Settings -> More Settings" to "Off".


+-----------------------------------------------------------+
; Parameter Settings for User Entity Instance: 74151:inst36 ;
+------------------------+-----------+----------------------+
; Parameter Name         ; Value     ; Type                 ;
+------------------------+-----------+----------------------+
; DEVICE_FAMILY          ; Cyclone V ; Untyped              ;
; AUTO_CARRY_CHAINS      ; ON        ; AUTO_CARRY           ;
; IGNORE_CARRY_BUFFERS   ; OFF       ; IGNORE_CARRY         ;
; AUTO_CASCADE_CHAINS    ; ON        ; AUTO_CASCADE         ;
; IGNORE_CASCADE_BUFFERS ; OFF       ; IGNORE_CASCADE       ;
+------------------------+-----------+----------------------+
Note: In order to hide this table in the UI and the text report file, please set the "Show Parameter Settings in Synthesis Report" option in "Analysis and Synthesis Settings -> More Settings" to "Off".


+----------------------------------------------------------+
; Parameter Settings for User Entity Instance: 74151:inst2 ;
+------------------------+-----------+---------------------+
; Parameter Name         ; Value     ; Type                ;
+------------------------+-----------+---------------------+
; DEVICE_FAMILY          ; Cyclone V ; Untyped             ;
; AUTO_CARRY_CHAINS      ; ON        ; AUTO_CARRY          ;
; IGNORE_CARRY_BUFFERS   ; OFF       ; IGNORE_CARRY        ;
; AUTO_CASCADE_CHAINS    ; ON        ; AUTO_CASCADE        ;
; IGNORE_CASCADE_BUFFERS ; OFF       ; IGNORE_CASCADE      ;
+------------------------+-----------+---------------------+
Note: In order to hide this table in the UI and the text report file, please set the "Show Parameter Settings in Synthesis Report" option in "Analysis and Synthesis Settings -> More Settings" to "Off".


+-----------------------------------------------------------+
; Parameter Settings for User Entity Instance: 74151:inst13 ;
+------------------------+-----------+----------------------+
; Parameter Name         ; Value     ; Type                 ;
+------------------------+-----------+----------------------+
; DEVICE_FAMILY          ; Cyclone V ; Untyped              ;
; AUTO_CARRY_CHAINS      ; ON        ; AUTO_CARRY           ;
; IGNORE_CARRY_BUFFERS   ; OFF       ; IGNORE_CARRY         ;
; AUTO_CASCADE_CHAINS    ; ON        ; AUTO_CASCADE         ;
; IGNORE_CASCADE_BUFFERS ; OFF       ; IGNORE_CASCADE       ;
+------------------------+-----------+----------------------+
Note: In order to hide this table in the UI and the text report file, please set the "Show Parameter Settings in Synthesis Report" option in "Analysis and Synthesis Settings -> More Settings" to "Off".


+-----------------------------------------------------------+
; Parameter Settings for User Entity Instance: 74151:inst12 ;
+------------------------+-----------+----------------------+
; Parameter Name         ; Value     ; Type                 ;
+------------------------+-----------+----------------------+
; DEVICE_FAMILY          ; Cyclone V ; Untyped              ;
; AUTO_CARRY_CHAINS      ; ON        ; AUTO_CARRY           ;
; IGNORE_CARRY_BUFFERS   ; OFF       ; IGNORE_CARRY         ;
; AUTO_CASCADE_CHAINS    ; ON        ; AUTO_CASCADE         ;
; IGNORE_CASCADE_BUFFERS ; OFF       ; IGNORE_CASCADE       ;
+------------------------+-----------+----------------------+
Note: In order to hide this table in the UI and the text report file, please set the "Show Parameter Settings in Synthesis Report" option in "Analysis and Synthesis Settings -> More Settings" to "Off".


+-----------------------------------------------------------+
; Parameter Settings for User Entity Instance: 74151:inst10 ;
+------------------------+-----------+----------------------+
; Parameter Name         ; Value     ; Type                 ;
+------------------------+-----------+----------------------+
; DEVICE_FAMILY          ; Cyclone V ; Untyped              ;
; AUTO_CARRY_CHAINS      ; ON        ; AUTO_CARRY           ;
; IGNORE_CARRY_BUFFERS   ; OFF       ; IGNORE_CARRY         ;
; AUTO_CASCADE_CHAINS    ; ON        ; AUTO_CASCADE         ;
; IGNORE_CASCADE_BUFFERS ; OFF       ; IGNORE_CASCADE       ;
+------------------------+-----------+----------------------+
Note: In order to hide this table in the UI and the text report file, please set the "Show Parameter Settings in Synthesis Report" option in "Analysis and Synthesis Settings -> More Settings" to "Off".


+-----------------------------------------------------------+
; Parameter Settings for User Entity Instance: 74151:inst11 ;
+------------------------+-----------+----------------------+
; Parameter Name         ; Value     ; Type                 ;
+------------------------+-----------+----------------------+
; DEVICE_FAMILY          ; Cyclone V ; Untyped              ;
; AUTO_CARRY_CHAINS      ; ON        ; AUTO_CARRY           ;
; IGNORE_CARRY_BUFFERS   ; OFF       ; IGNORE_CARRY         ;
; AUTO_CASCADE_CHAINS    ; ON        ; AUTO_CASCADE         ;
; IGNORE_CASCADE_BUFFERS ; OFF       ; IGNORE_CASCADE       ;
+------------------------+-----------+----------------------+
Note: In order to hide this table in the UI and the text report file, please set the "Show Parameter Settings in Synthesis Report" option in "Analysis and Synthesis Settings -> More Settings" to "Off".


+-----------------------------------------------------+
; Post-Synthesis Netlist Statistics for Top Partition ;
+-----------------------+-----------------------------+
; Type                  ; Count                       ;
+-----------------------+-----------------------------+
; arriav_lcell_comb     ; 38                          ;
;     extend            ; 2                           ;
;         7 data inputs ; 2                           ;
;     normal            ; 36                          ;
;         0 data inputs ; 1                           ;
;         1 data inputs ; 1                           ;
;         2 data inputs ; 3                           ;
;         3 data inputs ; 2                           ;
;         4 data inputs ; 4                           ;
;         5 data inputs ; 16                          ;
;         6 data inputs ; 9                           ;
; boundary_port         ; 30                          ;
;                       ;                             ;
; Max LUT depth         ; 5.00                        ;
; Average LUT depth     ; 4.37                        ;
+-----------------------+-----------------------------+


+-------------------------------+
; Elapsed Time Per Partition    ;
+----------------+--------------+
; Partition Name ; Elapsed Time ;
+----------------+--------------+
; Top            ; 00:00:11     ;
+----------------+--------------+


+-------------------------------+
; Analysis & Synthesis Messages ;
+-------------------------------+
Info: *******************************************************************
Info: Running Quartus Prime Analysis & Synthesis
    Info: Version 20.1.0 Build 711 06/05/2020 SJ Lite Edition
    Info: Processing started: Wed Aug 30 02:29:56 2023
Info: Command: quartus_map --read_settings_files=on --write_settings_files=off ULA -c ULA
Warning (18236): Number of processors has not been specified which may cause overloading on shared machines.  Set the global assignment NUM_PARALLEL_PROCESSORS in your QSF to an appropriate value for best performance.
Info (20030): Parallel compilation is enabled and will use 4 of the 4 processors detected
Info (12021): Found 1 design units, including 1 entities, in source file ula.bdf
    Info (12023): Found entity 1: ULA
Info (12021): Found 1 design units, including 1 entities, in source file adder.bdf
    Info (12023): Found entity 1: Adder
Info (12021): Found 1 design units, including 1 entities, in source file multiplexador_8x1.bdf
    Info (12023): Found entity 1: Multiplexador_8x1
Info (12021): Found 1 design units, including 1 entities, in source file gt.bdf
    Info (12023): Found entity 1: GT
Info (12021): Found 1 design units, including 1 entities, in source file lte.bdf
    Info (12023): Found entity 1: LTE
Info (12021): Found 1 design units, including 1 entities, in source file comparator_1bit.bdf
    Info (12023): Found entity 1: Comparator_1bit
Info (12021): Found 1 design units, including 1 entities, in source file mod_a.bdf
    Info (12023): Found entity 1: Mod_A
Info (12021): Found 1 design units, including 1 entities, in source file max_ab.bdf
    Info (12023): Found entity 1: Max_AB
Info (12021): Found 1 design units, including 1 entities, in source file adder_1bit.bdf
    Info (12023): Found entity 1: Adder_1bit
Info (12021): Found 1 design units, including 1 entities, in source file multiplexador_2x1.bdf
    Info (12023): Found entity 1: Multiplexador_2x1
Info (12021): Found 1 design units, including 1 entities, in source file min_ab.bdf
    Info (12023): Found entity 1: Min_AB
Info (12021): Found 1 design units, including 1 entities, in source file overflow.bdf
    Info (12023): Found entity 1: Overflow
Info (12021): Found 1 design units, including 1 entities, in source file inverter.bdf
    Info (12023): Found entity 1: Inverter
Info (12021): Found 1 design units, including 1 entities, in source file shl2.bdf
    Info (12023): Found entity 1: ShL2
Info (12021): Found 1 design units, including 1 entities, in source file busmux_8x1.bdf
    Info (12023): Found entity 1: BusMux_8x1
Info (12021): Found 1 design units, including 1 entities, in source file takesinal.bdf
    Info (12023): Found entity 1: takesinal
Info (12127): Elaborating entity "ULA" for the top level hierarchy
Info (12128): Elaborating entity "74151" for hierarchy "74151:inst37"
Info (12130): Elaborated megafunction instantiation "74151:inst37"
Info (12128): Elaborating entity "f74151" for hierarchy "74151:inst37|f74151:sub" File: c:/intelfpga_lite/20.1/quartus/libraries/others/maxplus2/74151.tdf Line: 24
Info (12131): Elaborated megafunction instantiation "74151:inst37|f74151:sub", which is child of megafunction instantiation "74151:inst37" File: c:/intelfpga_lite/20.1/quartus/libraries/others/maxplus2/74151.tdf Line: 24
Warning (12125): Using design file subadder.bdf, which is not specified as a design file for the current project, but contains definitions for 1 design units and 1 entities in project
    Info (12023): Found entity 1: SubAdder
Info (12128): Elaborating entity "SubAdder" for hierarchy "SubAdder:inst1"
Info (12128): Elaborating entity "Adder" for hierarchy "SubAdder:inst1|Adder:inst"
Info (12128): Elaborating entity "Adder_1bit" for hierarchy "SubAdder:inst1|Adder:inst|Adder_1bit:inst4"
Info (12128): Elaborating entity "Overflow" for hierarchy "SubAdder:inst1|Adder:inst|Overflow:inst5"
Warning (12125): Using design file busmux_2x1.bdf, which is not specified as a design file for the current project, but contains definitions for 1 design units and 1 entities in project
    Info (12023): Found entity 1: BusMux_2x1
Info (12128): Elaborating entity "BusMux_2x1" for hierarchy "SubAdder:inst1|BusMux_2x1:inst3"
Info (12128): Elaborating entity "Multiplexador_2x1" for hierarchy "SubAdder:inst1|BusMux_2x1:inst3|Multiplexador_2x1:inst2"
Info (12128): Elaborating entity "Inverter" for hierarchy "SubAdder:inst1|Inverter:inst2"
Info (12128): Elaborating entity "74151" for hierarchy "74151:inst36"
Info (12130): Elaborated megafunction instantiation "74151:inst36"
Info (12128): Elaborating entity "GT" for hierarchy "GT:inst5"
Info (12128): Elaborating entity "Comparator_1bit" for hierarchy "GT:inst5|Comparator_1bit:inst"
Info (12128): Elaborating entity "74151" for hierarchy "74151:inst2"
Info (12130): Elaborated megafunction instantiation "74151:inst2"
Info (12128): Elaborating entity "Max_AB" for hierarchy "Max_AB:inst4"
Info (12128): Elaborating entity "Min_AB" for hierarchy "Min_AB:inst3"
Info (12128): Elaborating entity "Mod_A" for hierarchy "Mod_A:inst7"
Info (12128): Elaborating entity "ShL2" for hierarchy "ShL2:inst8"
Warning (12125): Using design file display.bdf, which is not specified as a design file for the current project, but contains definitions for 1 design units and 1 entities in project
    Info (12023): Found entity 1: display
Info (12128): Elaborating entity "display" for hierarchy "display:inst14"
Warning (12125): Using design file binary2bdc.bdf, which is not specified as a design file for the current project, but contains definitions for 1 design units and 1 entities in project
    Info (12023): Found entity 1: binary2BDC
Info (12128): Elaborating entity "binary2BDC" for hierarchy "binary2BDC:inst25"
Info (13014): Ignored 11 buffer(s)
    Info (13017): Ignored 11 CASCADE buffer(s)
Warning (13024): Output pins are stuck at VCC or GND
    Warning (13410): Pin "aa0" is stuck at VCC
    Warning (13410): Pin "bb0" is stuck at VCC
    Warning (13410): Pin "cc0" is stuck at VCC
    Warning (13410): Pin "dd0" is stuck at VCC
    Warning (13410): Pin "ee0" is stuck at VCC
    Warning (13410): Pin "ff0" is stuck at VCC
    Warning (13410): Pin "gg0" is stuck at VCC
Info (286030): Timing-Driven Synthesis is running
Info (16010): Generating hard_block partition "hard_block:auto_generated_inst"
    Info (16011): Adding 0 node(s), including 0 DDIO, 0 PLL, 0 transceiver and 0 LCELL
Info (21057): Implemented 66 device resources after synthesis - the final resource count might be different
    Info (21058): Implemented 13 input pins
    Info (21059): Implemented 17 output pins
    Info (21061): Implemented 36 logic cells
Info: Quartus Prime Analysis & Synthesis was successful. 0 errors, 13 warnings
    Info: Peak virtual memory: 565 megabytes
    Info: Processing ended: Wed Aug 30 02:31:54 2023
    Info: Elapsed time: 00:01:58
    Info: Total CPU time (on all processors): 00:00:17


